../Core/Src/main.c:77:6:HAL_GPIO_EXTI_Callback	6
../Core/Src/main.c:109:5:main	1
../Core/Src/main.c:207:6:SystemClock_Config	3
../Core/Src/main.c:254:13:MX_TIM2_Init	4
../Core/Src/main.c:299:13:MX_TIM3_Init	4
../Core/Src/main.c:348:13:MX_TIM4_Init	4
../Core/Src/main.c:397:13:MX_USART2_UART_Init	2
../Core/Src/main.c:430:13:MX_GPIO_Init	1
../Core/Src/main.c:496:6:ctrlMrt	5
../Core/Src/main.c:578:6:flashLD2	2
../Core/Src/main.c:600:6:printDist	2
../Core/Src/main.c:624:6:HAL_TIM_PeriodElapsedCallback	2
../Core/Src/main.c:641:6:Error_Handler	1
