../Core/Src/main.c:75:6:HAL_GPIO_EXTI_Callback	1
../Core/Src/main.c:84:6:LD2Test	1
../Core/Src/main.c:93:5:main	1
../Core/Src/main.c:189:6:SystemClock_Config	3
../Core/Src/main.c:236:13:MX_TIM2_Init	4
../Core/Src/main.c:281:13:MX_USART2_UART_Init	2
../Core/Src/main.c:314:13:MX_GPIO_Init	1
../Core/Src/main.c:380:6:myStartTask01	2
../Core/Src/main.c:409:6:myStartTask02	5
../Core/Src/main.c:551:6:myStartTask03	2
../Core/Src/main.c:574:6:myStartTask04	2
../Core/Src/main.c:599:6:HAL_TIM_PeriodElapsedCallback	2
../Core/Src/main.c:616:6:Error_Handler	1
