15:57:01 **** Incremental Build of configuration Debug for project Test004-ADC-INTR ****
make -j24 all 
arm-none-eabi-gcc "../Core/Src/main.c" -mcpu=cortex-m4 -std=gnu11 -g3 -DDEBUG -DUSE_HAL_DRIVER -DSTM32F411xE -c -I../Core/Inc -I../Drivers/STM32F4xx_HAL_Driver/Inc -I../Drivers/STM32F4xx_HAL_Driver/Inc/Legacy -I../Drivers/CMSIS/Device/ST/STM32F4xx/Include -I../Drivers/CMSIS/Include -O0 -ffunction-sections -fdata-sections -Wall -fstack-usage -fcyclomatic-complexity -MMD -MP -MF"Core/Src/main.d" -MT"Core/Src/main.o" --specs=nano.specs -mfpu=fpv4-sp-d16 -mfloat-abi=hard -mthumb -o "Core/Src/main.o"
../Core/Src/main.c: In function 'main':
../Core/Src/main.c:114:3: warning: implicit declaration of function 'ProgramStart' [-Wimplicit-function-declaration]
  114 |   ProgramStart("ADC Interrupt");
      |   ^~~~~~~~~~~~
../Core/Src/main.c:125:11: warning: implicit declaration of function 'printf' [-Wimplicit-function-declaration]
  125 |           printf("Current ADC Value : (%d, %d)\r\n", val1, val2);
      |           ^~~~~~
../Core/Src/main.c:21:1: note: include '<stdio.h>' or provide a declaration of 'printf'
   20 | #include "main.h"
  +++ |+#include <stdio.h>
   21 | 
../Core/Src/main.c:125:11: warning: incompatible implicit declaration of built-in function 'printf' [-Wbuiltin-declaration-mismatch]
  125 |           printf("Current ADC Value : (%d, %d)\r\n", val1, val2);
      |           ^~~~~~
../Core/Src/main.c:125:11: note: include '<stdio.h>' or provide a declaration of 'printf'
arm-none-eabi-gcc -o "Test004-ADC-INTR.elf" @"objects.list"   -mcpu=cortex-m4 -T"C:\Users\user\source\repos\STM32\Test004-ADC-INTR\STM32F411RETX_FLASH.ld" --specs=nosys.specs -Wl,-Map="Test004-ADC-INTR.map" -Wl,--gc-sections -static --specs=nano.specs -mfpu=fpv4-sp-d16 -mfloat-abi=hard -mthumb -Wl,--start-group -lc -lm -Wl,--end-group
Finished building target: Test004-ADC-INTR.elf
 
arm-none-eabi-size  Test004-ADC-INTR.elf 
arm-none-eabi-objdump -h -S Test004-ADC-INTR.elf  > "Test004-ADC-INTR.list"
   text	   data	    bss	    dec	    hex	filename
  18328	    112	   2136	  20576	   5060	Test004-ADC-INTR.elf
Finished building: default.size.stdout
 
Finished building: Test004-ADC-INTR.list
 

15:57:01 Build Finished. 0 errors, 3 warnings. (took 597ms)

